../Core/Src/main.c:94:6:HAL_GPIO_EXTI_Callback	16	static
../Core/Src/main.c:100:6:HAL_TIM_PeriodElapsedCallback	16	static
../Core/Src/main.c:118:9:is_joystick_in_neutral_position	16	static
../Core/Src/main.c:156:9:detectDirection	24	static
../Core/Src/main.c:175:6:moveCursor	24	static
../Core/Src/main.c:197:6:animate	16	static
../Core/Src/main.c:205:6:check_winner	80	static
../Core/Src/main.c:230:6:resetGame	24	static
../Core/Src/main.c:273:5:main	24	static
../Core/Src/main.c:417:6:SystemClock_Config	120	static
../Core/Src/main.c:469:13:MX_ADC1_Init	32	static
../Core/Src/main.c:535:13:MX_RTC_Init	32	static
../Core/Src/main.c:598:13:MX_SPI3_Init	8	static
../Core/Src/main.c:638:13:MX_TIM2_Init	40	static
../Core/Src/main.c:683:13:MX_TIM6_Init	24	static
../Core/Src/main.c:721:13:MX_USART2_UART_Init	8	static
../Core/Src/main.c:754:13:MX_DMA_Init	16	static
../Core/Src/main.c:772:13:MX_GPIO_Init	48	static
../Core/Src/main.c:837:6:Error_Handler	4	static,ignoring_inline_asm
