../Core/Src/SSD1331.c:13:6:_sendCmd	16	static
../Core/Src/SSD1331.c:21:6:_sendData	16	static
../Core/Src/SSD1331.c:30:6:SSD1331_init	8	static
../Core/Src/SSD1331.c:66:6:SSD1331_drawPixel	16	static
../Core/Src/SSD1331.c:89:6:SSD1331_drawLine	24	static
../Core/Src/SSD1331.c:109:6:SSD1331_drawFrame	24	static
../Core/Src/SSD1331.c:134:6:SSD1331_drawCircle	32	static
../Core/Src/SSD1331.c:162:6:SSD1331_SetXY	16	static
../Core/Src/SSD1331.c:167:6:SSD1331_XY_INK	16	static
../Core/Src/SSD1331.c:178:6:SSD1331_Chr	40	static
../Core/Src/SSD1331.c:276:6:SSD1331_Str	32	static
../Core/Src/SSD1331.c:306:6:SSD1331_FStr	32	static
../Core/Src/SSD1331.c:325:6:SSD1331_IMG	32	static
../Core/Src/SSD1331.c:349:6:SSD1331_copyWindow	24	static
../Core/Src/SSD1331.c:360:6:SSD1331_dimWindow	24	static
../Core/Src/SSD1331.c:369:6:SSD1331_clearWindow	24	static
../Core/Src/SSD1331.c:378:6:SSD1331_setScrolling	32	static
../Core/Src/SSD1331.c:407:6:SSD1331_enableScrolling	16	static
../Core/Src/SSD1331.c:415:6:SSD1331_setDisplayMode	16	static
../Core/Src/SSD1331.c:420:6:SSD1331_setDisplayPower	16	static
../Core/Src/SSD1331.c:425:6:SSD1331_DisplayON	8	static
../Core/Src/SSD1331.c:430:6:SSD1331_DisplayOFF	8	static
